Analyzing medi...                                               

   info - 'background' is deprecated and shouldn't be used. Use surface instead. This feature was deprecated after v3.18.0-0.1.pre - lib\core\theme.dart:98:9 - deprecated_member_use
   info - 'withOpacity' is deprecated and shouldn't be used. Use .withValues() to avoid precision loss - lib\core\theme.dart:124:43 - deprecated_member_use
   info - 'withOpacity' is deprecated and shouldn't be used. Use .withValues() to avoid precision loss - lib\core\theme.dart:130:33 - deprecated_member_use
   info - 'MaterialStateProperty' is deprecated and shouldn't be used. Use WidgetStateProperty instead. Moved to the Widgets layer to make code available outside of Material. This feature was deprecated after v3.19.0-0.3.pre - lib\core\theme.dart:131:25 - deprecated_member_use
   info - 'MaterialStateProperty' is deprecated and shouldn't be used. Use WidgetStateProperty instead. Moved to the Widgets layer to make code available outside of Material. This feature was deprecated after v3.19.0-0.3.pre - lib\core\theme.dart:134:20 - deprecated_member_use
warning - Unused import: 'package:hive_flutter/hive_flutter.dart' - lib\main.dart:3:8 - unused_import
warning - Duplicate import - lib\providers\medicine_provider.dart:5:8 - duplicate_import
   info - Use interpolation to compose strings and values - lib\providers\medicine_provider.dart:202:76 - prefer_interpolation_to_compose_strings
   info - 'withOpacity' is deprecated and shouldn't be used. Use .withValues() to avoid precision loss - lib\screens\add_medicine_screen.dart:316:81 - deprecated_member_use
   info - 'withOpacity' is deprecated and shouldn't be used. Use .withValues() to avoid precision loss - lib\screens\add_medicine_screen.dart:345:77 - deprecated_member_use
   info - 'withOpacity' is deprecated and shouldn't be used. Use .withValues() to avoid precision loss - lib\screens\add_medicine_screen.dart:439:73 - deprecated_member_use
   info - 'withOpacity' is deprecated and shouldn't be used. Use .withValues() to avoid precision loss - lib\screens\add_medicine_screen.dart:478:83 - deprecated_member_use
   info - 'withOpacity' is deprecated and shouldn't be used. Use .withValues() to avoid precision loss - lib\screens\add_medicine_screen.dart:485:72 - deprecated_member_use
   info - 'value' is deprecated and shouldn't be used. Use initialValue instead. This will set the initial value for the form field. This feature was deprecated after v3.33.0-1.0.pre - lib\screens\add_medicine_screen.dart:503:19 - deprecated_member_use
   info - 'withOpacity' is deprecated and shouldn't be used. Use .withValues() to avoid precision loss - lib\screens\add_medicine_screen.dart:504:87 - deprecated_member_use
   info - 'withOpacity' is deprecated and shouldn't be used. Use .withValues() to avoid precision loss - lib\screens\add_medicine_screen.dart:508:89 - deprecated_member_use
   info - 'withOpacity' is deprecated and shouldn't be used. Use .withValues() to avoid precision loss - lib\screens\add_medicine_screen.dart:545:90 - deprecated_member_use
   info - 'value' is deprecated and shouldn't be used. Use initialValue instead. This will set the initial value for the form field. This feature was deprecated after v3.33.0-1.0.pre - lib\screens\add_medicine_screen.dart:577:29 - deprecated_member_use
   info - 'withOpacity' is deprecated and shouldn't be used. Use .withValues() to avoid precision loss - lib\screens\add_medicine_screen.dart:578:120 - deprecated_member_use
   info - 'withOpacity' is deprecated and shouldn't be used. Use .withValues() to avoid precision loss - lib\screens\add_medicine_screen.dart:619:51 - deprecated_member_use
   info - 'withOpacity' is deprecated and shouldn't be used. Use .withValues() to avoid precision loss - lib\screens\add_medicine_screen.dart:666:35 - deprecated_member_use
   info - 'withOpacity' is deprecated and shouldn't be used. Use .withValues() to avoid precision loss - lib\screens\add_medicine_screen.dart:668:53 - deprecated_member_use
   info - 'withOpacity' is deprecated and shouldn't be used. Use .withValues() to avoid precision loss - lib\screens\add_medicine_screen.dart:672:39 - deprecated_member_use
   info - 'withOpacity' is deprecated and shouldn't be used. Use .withValues() to avoid precision loss - lib\screens\add_medicine_screen.dart:683:57 - deprecated_member_use
   info - 'withOpacity' is deprecated and shouldn't be used. Use .withValues() to avoid precision loss - lib\screens\add_medicine_screen.dart:687:61 - deprecated_member_use
   info - 'withOpacity' is deprecated and shouldn't be used. Use .withValues() to avoid precision loss - lib\screens\add_medicine_screen.dart:718:64 - deprecated_member_use
  error - Undefined class 'Widget' - lib\screens\add_medicine_screen_helpers.dart:2:3 - undefined_class
warning - The declaration '_buildFrequencyChip' isn't referenced - lib\screens\add_medicine_screen_helpers.dart:2:10 - unused_element
  error - Undefined name '_selectedTimeSlots' - lib\screens\add_medicine_screen_helpers.dart:3:24 - undefined_identifier
  error - The function 'FilterChip' isn't defined - lib\screens\add_medicine_screen_helpers.dart:4:12 - undefined_function
  error - The function 'Text' isn't defined - lib\screens\add_medicine_screen_helpers.dart:5:14 - undefined_function
  error - The function 'setState' isn't defined - lib\screens\add_medicine_screen_helpers.dart:8:9 - undefined_function
  error - Undefined name '_selectedTimeSlots' - lib\screens\add_medicine_screen_helpers.dart:10:13 - undefined_identifier
  error - Undefined name '_selectedTimeSlots' - lib\screens\add_medicine_screen_helpers.dart:12:13 - undefined_identifier
  error - Undefined name 'Colors' - lib\screens\add_medicine_screen_helpers.dart:16:23 - undefined_identifier
  error - Undefined class 'Widget' - lib\screens\add_medicine_screen_helpers.dart:20:3 - undefined_class
warning - The declaration '_buildInstructionChip' isn't referenced - lib\screens\add_medicine_screen_helpers.dart:20:10 - unused_element
  error - Undefined name '_selectedInstruction' - lib\screens\add_medicine_screen_helpers.dart:21:24 - undefined_identifier
  error - The function 'ChoiceChip' isn't defined - lib\screens\add_medicine_screen_helpers.dart:22:12 - undefined_function
  error - The function 'Text' isn't defined - lib\screens\add_medicine_screen_helpers.dart:23:14 - undefined_function
  error - The function 'setState' isn't defined - lib\screens\add_medicine_screen_helpers.dart:27:11 - undefined_function
  error - Undefined name '_selectedInstruction' - lib\screens\add_medicine_screen_helpers.dart:28:13 - undefined_identifier
warning - Unused import: 'package:medi/widgets/medicine_card.dart' - lib\screens\calendar_screen.dart:4:8 - unused_import
warning - Unused import: 'dart:ui' - lib\screens\home_screen.dart:5:8 - unused_import
warning - Unused import: 'package:medi/screens/add_medicine_screen.dart' - lib\screens\home_screen.dart:8:8 - unused_import
warning - Unused import: 'package:medi/core/transitions.dart' - lib\screens\home_screen.dart:12:8 - unused_import
   info - 'withOpacity' is deprecated and shouldn't be used. Use .withValues() to avoid precision loss - lib\screens\home_screen.dart:54:62 - deprecated_member_use
   info - 'withOpacity' is deprecated and shouldn't be used. Use .withValues() to avoid precision loss - lib\screens\home_screen.dart:207:61 - deprecated_member_use
   info - 'withOpacity' is deprecated and shouldn't be used. Use .withValues() to avoid precision loss - lib\screens\home_screen.dart:262:65 - deprecated_member_use
   info - 'withOpacity' is deprecated and shouldn't be used. Use .withValues() to avoid precision loss - lib\screens\home_screen.dart:270:107 - deprecated_member_use
   info - 'withOpacity' is deprecated and shouldn't be used. Use .withValues() to avoid precision loss - lib\screens\home_screen.dart:279:79 - deprecated_member_use
   info - 'withOpacity' is deprecated and shouldn't be used. Use .withValues() to avoid precision loss - lib\screens\home_screen.dart:280:79 - deprecated_member_use
   info - 'withOpacity' is deprecated and shouldn't be used. Use .withValues() to avoid precision loss - lib\screens\home_screen.dart:304:116 - deprecated_member_use
   info - 'withOpacity' is deprecated and shouldn't be used. Use .withValues() to avoid precision loss - lib\screens\home_screen.dart:312:63 - deprecated_member_use
warning - The declaration '_getMonthName' isn't referenced - lib\screens\home_screen.dart:386:10 - unused_element
warning - Unused import: 'package:medi/core/theme.dart' - lib\screens\main_screen.dart:3:8 - unused_import
warning - The value of the field '_screens' isn't used - lib\screens\main_screen.dart:20:22 - unused_field
   info - 'withOpacity' is deprecated and shouldn't be used. Use .withValues() to avoid precision loss - lib\screens\main_screen.dart:54:76 - deprecated_member_use
   info - 'withOpacity' is deprecated and shouldn't be used. Use .withValues() to avoid precision loss - lib\screens\main_screen.dart:55:64 - deprecated_member_use
   info - 'MaterialStateProperty' is deprecated and shouldn't be used. Use WidgetStateProperty instead. Moved to the Widgets layer to make code available outside of Material. This feature was deprecated after v3.19.0-0.3.pre - lib\screens\main_screen.dart:56:33 - deprecated_member_use
   info - 'MaterialState' is deprecated and shouldn't be used. Use WidgetState instead. Moved to the Widgets layer to make code available outside of Material. This feature was deprecated after v3.19.0-0.3.pre - lib\screens\main_screen.dart:57:39 - deprecated_member_use
   info - 'withOpacity' is deprecated and shouldn't be used. Use .withValues() to avoid precision loss - lib\screens\main_screen.dart:60:90 - deprecated_member_use
   info - 'MaterialStateProperty' is deprecated and shouldn't be used. Use WidgetStateProperty instead. Moved to the Widgets layer to make code available outside of Material. This feature was deprecated after v3.19.0-0.3.pre - lib\screens\main_screen.dart:62:28 - deprecated_member_use
   info - 'MaterialState' is deprecated and shouldn't be used. Use WidgetState instead. Moved to the Widgets layer to make code available outside of Material. This feature was deprecated after v3.19.0-0.3.pre - lib\screens\main_screen.dart:63:39 - deprecated_member_use
   info - 'withOpacity' is deprecated and shouldn't be used. Use .withValues() to avoid precision loss - lib\screens\main_screen.dart:66:94 - deprecated_member_use
   info - Don't use 'BuildContext's across async gaps - lib\screens\medicine_details_screen.dart:48:36 - use_build_context_synchronously
   info - 'withOpacity' is deprecated and shouldn't be used. Use .withValues() to avoid precision loss - lib\screens\medicine_details_screen.dart:112:67 - deprecated_member_use
   info - 'withOpacity' is deprecated and shouldn't be used. Use .withValues() to avoid precision loss - lib\screens\medicine_details_screen.dart:206:43 - deprecated_member_use
   info - 'withOpacity' is deprecated and shouldn't be used. Use .withValues() to avoid precision loss - lib\screens\medicine_details_screen.dart:213:63 - deprecated_member_use
   info - 'withOpacity' is deprecated and shouldn't be used. Use .withValues() to avoid precision loss - lib\screens\medicine_details_screen.dart:260:38 - deprecated_member_use
   info - 'withOpacity' is deprecated and shouldn't be used. Use .withValues() to avoid precision loss - lib\screens\settings_screen.dart:43:81 - deprecated_member_use
   info - 'withOpacity' is deprecated and shouldn't be used. Use .withValues() to avoid precision loss - lib\screens\settings_screen.dart:218:75 - deprecated_member_use
   info - 'withOpacity' is deprecated and shouldn't be used. Use .withValues() to avoid precision loss - lib\screens\settings_screen.dart:233:111 - deprecated_member_use
   info - 'withOpacity' is deprecated and shouldn't be used. Use .withValues() to avoid precision loss - lib\screens\settings_screen.dart:305:70 - deprecated_member_use
   info - 'withOpacity' is deprecated and shouldn't be used. Use .withValues() to avoid precision loss - lib\screens\settings_screen.dart:338:75 - deprecated_member_use
   info - 'activeColor' is deprecated and shouldn't be used. Use activeThumbColor or activeTrackColor instead. This feature was deprecated after v3.31.0-2.0.pre - lib\screens\settings_screen.dart:347:13 - deprecated_member_use
   info - 'withOpacity' is deprecated and shouldn't be used. Use .withValues() to avoid precision loss - lib\screens\settings_screen.dart:381:77 - deprecated_member_use
   info - 'withOpacity' is deprecated and shouldn't be used. Use .withValues() to avoid precision loss - lib\screens\settings_screen.dart:387:101 - deprecated_member_use
   info - 'withOpacity' is deprecated and shouldn't be used. Use .withValues() to avoid precision loss - lib\screens\stats_screen.dart:43:81 - deprecated_member_use
   info - 'withOpacity' is deprecated and shouldn't be used. Use .withValues() to avoid precision loss - lib\screens\stats_screen.dart:136:77 - deprecated_member_use
   info - 'withOpacity' is deprecated and shouldn't be used. Use .withValues() to avoid precision loss - lib\screens\stats_screen.dart:168:52 - deprecated_member_use
   info - 'withOpacity' is deprecated and shouldn't be used. Use .withValues() to avoid precision loss - lib\screens\stats_screen.dart:186:57 - deprecated_member_use
   info - 'withOpacity' is deprecated and shouldn't be used. Use .withValues() to avoid precision loss - lib\screens\stats_screen.dart:217:67 - deprecated_member_use
   info - 'withOpacity' is deprecated and shouldn't be used. Use .withValues() to avoid precision loss - lib\screens\stats_screen.dart:238:28 - deprecated_member_use
   info - 'withOpacity' is deprecated and shouldn't be used. Use .withValues() to avoid precision loss - lib\screens\stats_screen.dart:257:69 - deprecated_member_use
   info - 'withOpacity' is deprecated and shouldn't be used. Use .withValues() to avoid precision loss - lib\screens\stats_screen.dart:309:65 - deprecated_member_use
   info - 'withOpacity' is deprecated and shouldn't be used. Use .withValues() to avoid precision loss - lib\screens\stats_screen.dart:321:77 - deprecated_member_use
   info - 'withOpacity' is deprecated and shouldn't be used. Use .withValues() to avoid precision loss - lib\screens\trash_screen.dart:26:84 - deprecated_member_use
   info - 'withOpacity' is deprecated and shouldn't be used. Use .withValues() to avoid precision loss - lib\screens\trash_screen.dart:36:60 - deprecated_member_use
   info - 'withOpacity' is deprecated and shouldn't be used. Use .withValues() to avoid precision loss - lib\screens\trash_screen.dart:113:66 - deprecated_member_use
   info - 'withOpacity' is deprecated and shouldn't be used. Use .withValues() to avoid precision loss - lib\screens\trash_screen.dart:121:80 - deprecated_member_use
   info - 'withOpacity' is deprecated and shouldn't be used. Use .withValues() to avoid precision loss - lib\screens\trash_screen.dart:180:45 - deprecated_member_use
   info - 'withOpacity' is deprecated and shouldn't be used. Use .withValues() to avoid precision loss - lib\screens\trash_screen.dart:189:43 - deprecated_member_use
   info - 'withOpacity' is deprecated and shouldn't be used. Use .withValues() to avoid precision loss - lib\screens\trash_screen.dart:197:45 - deprecated_member_use
warning - The value of the local variable 'originalLength' isn't used - lib\services\database_service.dart:26:17 - unused_local_variable
warning - The value of the local variable 'pivotIndex' isn't used - lib\utils\medicine_utils.dart:8:13 - unused_local_variable
warning - Unused import: 'package:intl/intl.dart' - lib\widgets\medicine_card.dart:4:8 - unused_import
   info - 'withOpacity' is deprecated and shouldn't be used. Use .withValues() to avoid precision loss - lib\widgets\medicine_card.dart:188:71 - deprecated_member_use
   info - 'withOpacity' is deprecated and shouldn't be used. Use .withValues() to avoid precision loss - lib\widgets\medicine_card.dart:229:61 - deprecated_member_use
   info - 'withOpacity' is deprecated and shouldn't be used. Use .withValues() to avoid precision loss - lib\widgets\medicine_card.dart:230:70 - deprecated_member_use
   info - 'withOpacity' is deprecated and shouldn't be used. Use .withValues() to avoid precision loss - lib\widgets\medicine_card.dart:258:97 - deprecated_member_use
   info - 'withOpacity' is deprecated and shouldn't be used. Use .withValues() to avoid precision loss - lib\widgets\medicine_card.dart:288:77 - deprecated_member_use

flutter : 102 issues found. (ran in 13.5s)
At line:1 char:1
+ flutter analyze --no-pub > errors.txt 2>&1
+ ~~~~~~~~~~~~~~~~~~~~~~~~~~~~~~~~~~~~~~~~~~
    + CategoryInfo          : NotSpecified: (102 issue 
   s found. (ran in 13.5s):String) [], RemoteExceptio  
  n
    + FullyQualifiedErrorId : NativeCommandError
 
